<?xml version="1.0" encoding="UTF-8"?>
<TestRun id="78777ca3-4be4-471b-b93e-db3f2ca798c1" name="Amichai@AMICHAI-PC 2011-09-14 17:00:16" runUser="Amichai-PC\Amichai" xmlns="http://microsoft.com/schemas/VisualStudio/TeamTest/2010">
  <TestSettings name="Local" id="a56485e7-5df0-4952-9175-c64a6920dc4a">
    <Description>These are default test settings for a local test run.</Description>
    <Deployment enabled="false" runDeploymentRoot="Amichai_AMICHAI-PC 2011-09-14 17_00_16">
      <DeploymentItem filename="C:\Users\Amichai\documents\visual studio 2010\Projects\RandomWalker\RandomWalker\bin\Debug\RandomWalker.exe" />
    </Deployment>
    <Execution>
      <TestTypeSpecific />
      <AgentRule name="Execution Agents">
      </AgentRule>
    </Execution>
  </TestSettings>
  <Times creation="2011-09-14T17:00:16.0269623-04:00" queuing="2011-09-14T17:00:17.7800626-04:00" start="2011-09-14T17:00:17.9540725-04:00" finish="2011-09-14T18:50:31.1411014-04:00" />
  <ResultSummary outcome="Error">
    <Counters total="2" executed="1" error="0" failed="0" timeout="0" aborted="1" inconclusive="0" passedButRunAborted="0" notRunnable="0" notExecuted="1" disconnected="0" warning="0" passed="0" completed="0" inProgress="0" pending="0" />
    <RunInfos>
      <RunInfo computerName="AMICHAI-PC" outcome="Error" timestamp="2011-09-14T18:50:31.1391013-04:00">
        <Text>Test host process exited unexpectedly.</Text>
      </RunInfo>
    </RunInfos>
  </ResultSummary>
  <TestDefinitions>
    <UnitTest name="GetIntersectonPointTest" storage="c:\users\amichai\documents\visual studio 2010\projects\randomwalker\walkertest\bin\debug\walkertest.dll" id="c0dc3f29-8ac1-35c3-7857-40ca5dab4b7e">
      <Execution id="a44bdabe-b3ef-44f6-92d6-0650d8a97f39" />
      <TestMethod codeBase="C:/Users/Amichai/documents/visual studio 2010/Projects/RandomWalker/WalkerTest/bin/Debug/WalkerTest.DLL" adapterTypeName="Microsoft.VisualStudio.TestTools.TestTypes.Unit.UnitTestAdapter, Microsoft.VisualStudio.QualityTools.Tips.UnitTest.Adapter, Version=10.0.0.0, Culture=neutral, PublicKeyToken=b03f5f7f11d50a3a" className="WalkerTest.LineSegmentTest, WalkerTest, Version=1.0.0.0, Culture=neutral, PublicKeyToken=null" name="GetIntersectonPointTest" />
    </UnitTest>
    <UnitTest name="TwoLineReflectionTest" storage="c:\users\amichai\documents\visual studio 2010\projects\randomwalker\walkertest\bin\debug\walkertest.dll" id="5bb15401-cca9-b075-b46e-cd1ba7f6a647">
      <Execution id="96a85da0-e10f-4009-936f-52366ba68da5" />
      <TestMethod codeBase="C:/Users/Amichai/documents/visual studio 2010/Projects/RandomWalker/WalkerTest/bin/Debug/WalkerTest.DLL" adapterTypeName="Microsoft.VisualStudio.TestTools.TestTypes.Unit.UnitTestAdapter, Microsoft.VisualStudio.QualityTools.Tips.UnitTest.Adapter, Version=10.0.0.0, Culture=neutral, PublicKeyToken=b03f5f7f11d50a3a" className="WalkerTest.LineSegmentTest, WalkerTest, Version=1.0.0.0, Culture=neutral, PublicKeyToken=null" name="TwoLineReflectionTest" />
    </UnitTest>
  </TestDefinitions>
  <TestLists>
    <TestList name="Results Not in a List" id="8c84fa94-04c1-424b-9868-57a2d4851a1d" />
    <TestList name="All Loaded Results" id="19431567-8539-422a-85d7-44ee4e166bda" />
  </TestLists>
  <TestEntries>
    <TestEntry testId="5bb15401-cca9-b075-b46e-cd1ba7f6a647" executionId="96a85da0-e10f-4009-936f-52366ba68da5" testListId="8c84fa94-04c1-424b-9868-57a2d4851a1d" />
    <TestEntry testId="c0dc3f29-8ac1-35c3-7857-40ca5dab4b7e" executionId="a44bdabe-b3ef-44f6-92d6-0650d8a97f39" testListId="8c84fa94-04c1-424b-9868-57a2d4851a1d" />
  </TestEntries>
  <Results>
    <UnitTestResult executionId="96a85da0-e10f-4009-936f-52366ba68da5" testId="5bb15401-cca9-b075-b46e-cd1ba7f6a647" testName="TwoLineReflectionTest" computerName="AMICHAI-PC" duration="01:50:13.0040184" startTime="2011-09-14T17:00:18.1370830-04:00" endTime="2011-09-14T18:50:31.1411014-04:00" testType="13cdc9d9-ddb5-4fa4-a97d-d965ccfc6d4b" outcome="Aborted" testListId="8c84fa94-04c1-424b-9868-57a2d4851a1d" relativeResultsDirectory="96a85da0-e10f-4009-936f-52366ba68da5">
    </UnitTestResult>
    <UnitTestResult executionId="a44bdabe-b3ef-44f6-92d6-0650d8a97f39" testId="c0dc3f29-8ac1-35c3-7857-40ca5dab4b7e" testName="GetIntersectonPointTest" computerName="AMICHAI-PC" testType="13cdc9d9-ddb5-4fa4-a97d-d965ccfc6d4b" outcome="NotExecuted" testListId="8c84fa94-04c1-424b-9868-57a2d4851a1d" relativeResultsDirectory="a44bdabe-b3ef-44f6-92d6-0650d8a97f39">
    </UnitTestResult>
  </Results>
</TestRun>